[2025-12-02T22:05:27.293599+01:00] VideoclubLogger.INFO: Incluido juego {"titulo":"God of War","numero":1,"precio":19.99,"consola":"PS4"} []
[2025-12-02T22:05:27.300566+01:00] VideoclubLogger.INFO: Incluido juego {"titulo":"The Last of Us Part II","numero":2,"precio":49.99,"consola":"PS4"} []
[2025-12-02T22:05:27.301105+01:00] VideoclubLogger.INFO: Incluido DVD {"titulo":"Torrente","numero":3,"precio":4.5,"idiomas":"es"} []
[2025-12-02T22:05:27.301162+01:00] VideoclubLogger.INFO: Incluido DVD {"titulo":"Origen","numero":4,"precio":4.5,"idiomas":"es,en,fr"} []
[2025-12-02T22:05:27.301203+01:00] VideoclubLogger.INFO: Incluido DVD {"titulo":"El Imperio Contraataca","numero":5,"precio":3,"idiomas":"es,en"} []
[2025-12-02T22:05:27.301737+01:00] VideoclubLogger.INFO: Incluida cinta de video {"titulo":"Los cazafantasmas","numero":6,"precio":3.5,"duracion":107} []
[2025-12-02T22:05:27.301779+01:00] VideoclubLogger.INFO: Incluida cinta de video {"titulo":"El nombre de la Rosa","numero":7,"precio":1.5,"duracion":140} []
[2025-12-02T22:05:27.301806+01:00] VideoclubLogger.INFO: Listar productos {"total":7} []
[2025-12-02T22:05:27.301849+01:00] VideoclubLogger.WARNING: Cliente no encontrado {"numSocio":2} []
[2025-12-02T22:05:27.301874+01:00] VideoclubLogger.WARNING: Cliente no encontrado {"numSocio":1} []
[2025-12-02T22:05:27.301895+01:00] VideoclubLogger.WARNING: Cliente no encontrado {"numSocio":1} []
[2025-12-02T22:05:27.301915+01:00] VideoclubLogger.WARNING: Cliente no encontrado {"numSocio":1} []
[2025-12-02T22:05:27.301935+01:00] VideoclubLogger.INFO: Listar socios {"total":0} []
[2026-01-05T01:27:32.903952+01:00] VideoclubLogger.INFO: Incluido socio {"nombre":"Amancio Ortega","numSocio":1,"usuario":"amancio","maxAlquileres":3} []
[2026-01-05T01:27:32.906067+01:00] VideoclubLogger.INFO: Incluido socio {"nombre":"Pablo Picasso","numSocio":2,"usuario":"pablo","maxAlquileres":3} []
[2026-01-05T01:27:41.232369+01:00] VideoclubLogger.INFO: Incluido juego {"titulo":"God of War","numero":1,"precio":19.99,"consola":"PS4","metacritic":"https://www.metacritic.com/game/playstation-4/god-of-war"} []
[2026-01-05T01:27:41.234730+01:00] VideoclubLogger.INFO: Incluido juego {"titulo":"The Last of Us Part II","numero":2,"precio":49.99,"consola":"PS4","metacritic":"https://www.metacritic.com/game/playstation-4/the-last-of-us-part-ii"} []
[2026-01-05T01:27:41.235001+01:00] VideoclubLogger.INFO: Incluido DVD {"titulo":"Torrente","numero":3,"precio":4.5,"idiomas":"es","metacritic":"https://www.metacritic.com/movie/torrente"} []
[2026-01-05T01:27:41.235044+01:00] VideoclubLogger.INFO: Incluido DVD {"titulo":"Origen","numero":4,"precio":4.5,"idiomas":"es,en,fr","metacritic":"https://www.metacritic.com/movie/inception"} []
[2026-01-05T01:27:41.235072+01:00] VideoclubLogger.INFO: Incluido DVD {"titulo":"El Imperio Contraataca","numero":5,"precio":3,"idiomas":"es,en","metacritic":"https://www.metacritic.com/movie/the-empire-strikes-back"} []
[2026-01-05T01:27:41.235395+01:00] VideoclubLogger.INFO: Incluida cinta de video {"titulo":"Los cazafantasmas","numero":6,"precio":3.5,"duracion":107,"metacritic":"https://www.metacritic.com/movie/ghostbusters"} []
[2026-01-05T01:27:41.235437+01:00] VideoclubLogger.INFO: Incluida cinta de video {"titulo":"El nombre de la Rosa","numero":7,"precio":1.5,"duracion":140,"metacritic":"https://www.metacritic.com/movie/the-name-of-the-rose"} []
[2026-01-05T01:34:18.460911+01:00] VideoclubLogger.INFO: Videoclub inicializado {"direccion":"Severo 8A"} []
[2026-01-05T01:34:18.462979+01:00] VideoclubLogger.INFO: Incluido juego {"titulo":"God of War","numero":1,"precio":19.99,"consola":"PS4","metacritic":"https://www.metacritic.com/game/playstation-4/god-of-war"} []
[2026-01-05T01:34:18.463034+01:00] VideoclubLogger.INFO: Incluido juego {"titulo":"The Last of Us Part II","numero":2,"precio":49.99,"consola":"PS4","metacritic":"https://www.metacritic.com/game/playstation-4/the-last-of-us-part-ii"} []
[2026-01-05T01:34:18.463301+01:00] VideoclubLogger.INFO: Incluido DVD {"titulo":"Torrente","numero":3,"precio":4.5,"idiomas":"es","metacritic":"https://www.metacritic.com/movie/torrente"} []
[2026-01-05T01:34:18.463434+01:00] VideoclubLogger.INFO: Incluido DVD {"titulo":"Origen","numero":4,"precio":4.5,"idiomas":"es,en,fr","metacritic":"https://www.metacritic.com/movie/inception"} []
[2026-01-05T01:34:18.463467+01:00] VideoclubLogger.INFO: Incluido DVD {"titulo":"El Imperio Contraataca","numero":5,"precio":3.0,"idiomas":"es,en","metacritic":"https://www.metacritic.com/movie/the-empire-strikes-back"} []
[2026-01-05T01:34:18.463724+01:00] VideoclubLogger.INFO: Incluida cinta de video {"titulo":"Los cazafantasmas","numero":6,"precio":3.5,"duracion":107,"metacritic":"https://www.metacritic.com/movie/ghostbusters"} []
[2026-01-05T01:34:18.463764+01:00] VideoclubLogger.INFO: Incluida cinta de video {"titulo":"El nombre de la Rosa","numero":7,"precio":1.5,"duracion":140,"metacritic":"https://www.metacritic.com/movie/the-name-of-the-rose"} []
[2026-01-05T01:34:18.464049+01:00] VideoclubLogger.INFO: Incluido socio {"nombre":"Juan Pérez","numSocio":1,"usuario":"juan","maxAlquileres":5} []
[2026-01-05T01:34:18.465239+01:00] VideoclubLogger.INFO: Soporte alquilado {"soporte":1,"cliente":1} []
[2026-01-05T01:34:18.465287+01:00] VideoclubLogger.INFO: Soporte alquilado {"soporte":2,"cliente":1} []
[2026-01-05T01:34:18.465313+01:00] VideoclubLogger.INFO: Listar productos {"total":7} []
[2026-01-05T01:34:18.465357+01:00] VideoclubLogger.INFO: Listar socios {"total":1} []
[2026-01-05T01:34:18.465382+01:00] VideoclubLogger.INFO: Socio {"numero":1,"nombre":"Juan Pérez"} []
[2026-01-05T08:46:00.556684+01:00] VideoclubLogger.INFO: Videoclub inicializado {"direccion":null} []
[2026-01-05T08:46:00.645146+01:00] VideoclubLogger.INFO: Videoclub inicializado {"direccion":null} []
[2026-01-05T08:46:00.646436+01:00] VideoclubLogger.INFO: Videoclub inicializado {"direccion":null} []
[2026-01-05T08:46:00.647408+01:00] VideoclubLogger.INFO: Videoclub inicializado {"direccion":null} []
[2026-01-05T08:46:00.648348+01:00] VideoclubLogger.INFO: Videoclub inicializado {"direccion":null} []
[2026-01-05T08:46:00.649331+01:00] VideoclubLogger.INFO: Videoclub inicializado {"direccion":null} []
[2026-01-05T08:54:43.329861+01:00] VideoclubLogger.INFO: Videoclub inicializado {"direccion":null} []
[2026-01-05T08:54:43.344882+01:00] VideoclubLogger.INFO: Videoclub inicializado {"direccion":null} []
[2026-01-05T08:54:43.346305+01:00] VideoclubLogger.INFO: Videoclub inicializado {"direccion":null} []
[2026-01-05T08:54:43.347296+01:00] VideoclubLogger.INFO: Videoclub inicializado {"direccion":null} []
[2026-01-05T08:54:43.348236+01:00] VideoclubLogger.INFO: Videoclub inicializado {"direccion":null} []
[2026-01-05T08:54:43.349174+01:00] VideoclubLogger.INFO: Videoclub inicializado {"direccion":null} []
[2026-01-05T08:58:28.401531+01:00] VideoclubLogger.INFO: Videoclub inicializado {"direccion":null} []
[2026-01-05T08:58:28.403882+01:00] VideoclubLogger.INFO: Incluida cinta de video {"titulo":"Película A","numero":1,"precio":2.5,"duracion":100,"metacritic":null} []
[2026-01-05T08:58:28.404223+01:00] VideoclubLogger.INFO: Incluido DVD {"titulo":"DVD B","numero":2,"precio":3.0,"idiomas":["es","en"],"metacritic":null} []
[2026-01-05T08:58:28.404501+01:00] VideoclubLogger.INFO: Incluido juego {"titulo":"Juego C","numero":3,"precio":4.0,"consola":"PS5","metacritic":null} []
[2026-01-05T08:58:28.405738+01:00] VideoclubLogger.INFO: Incluido socio {"nombre":"Ana","numSocio":1,"usuario":"ana","maxAlquileres":3} []
[2026-01-05T08:58:28.405780+01:00] VideoclubLogger.INFO: Incluido socio {"nombre":"Luis","numSocio":2,"usuario":"luis","maxAlquileres":2} []
[2026-01-05T08:58:28.415103+01:00] VideoclubLogger.INFO: Videoclub inicializado {"direccion":null} []
[2026-01-05T08:58:28.415356+01:00] VideoclubLogger.INFO: Incluida cinta de video {"titulo":"Película A","numero":1,"precio":2.5,"duracion":100,"metacritic":null} []
[2026-01-05T08:58:28.415398+01:00] VideoclubLogger.INFO: Incluido socio {"nombre":"Ana","numSocio":1,"usuario":"ana","maxAlquileres":3} []
[2026-01-05T08:58:28.415433+01:00] VideoclubLogger.INFO: Soporte alquilado {"soporte":1,"cliente":1} []
[2026-01-05T08:58:28.416072+01:00] VideoclubLogger.INFO: Videoclub inicializado {"direccion":null} []
[2026-01-05T08:58:28.416262+01:00] VideoclubLogger.INFO: Incluida cinta de video {"titulo":"P1","numero":1,"precio":1.0,"duracion":60,"metacritic":null} []
[2026-01-05T08:58:28.416301+01:00] VideoclubLogger.INFO: Incluido DVD {"titulo":"P2","numero":2,"precio":1.5,"idiomas":["es"],"metacritic":null} []
[2026-01-05T08:58:28.416331+01:00] VideoclubLogger.INFO: Incluido juego {"titulo":"P3","numero":3,"precio":2.0,"consola":"Switch","metacritic":null} []
[2026-01-05T08:58:28.416356+01:00] VideoclubLogger.INFO: Incluido socio {"nombre":"Pepe","numSocio":1,"usuario":"pepe","maxAlquileres":5} []
[2026-01-05T08:58:28.416414+01:00] VideoclubLogger.INFO: Soporte alquilado {"soporte":1,"cliente":1} []
[2026-01-05T08:58:28.416441+01:00] VideoclubLogger.INFO: Soporte alquilado {"soporte":3,"cliente":1} []
[2026-01-05T08:58:28.416973+01:00] VideoclubLogger.INFO: Videoclub inicializado {"direccion":null} []
[2026-01-05T08:58:28.417172+01:00] VideoclubLogger.INFO: Incluida cinta de video {"titulo":"P1","numero":1,"precio":1.0,"duracion":60,"metacritic":null} []
[2026-01-05T08:58:28.417207+01:00] VideoclubLogger.INFO: Incluido socio {"nombre":"A","numSocio":1,"usuario":"a","maxAlquileres":3} []
[2026-01-05T08:58:28.417232+01:00] VideoclubLogger.INFO: Incluido socio {"nombre":"B","numSocio":2,"usuario":"b","maxAlquileres":3} []
[2026-01-05T08:58:28.417258+01:00] VideoclubLogger.INFO: Soporte alquilado {"soporte":1,"cliente":1} []
[2026-01-05T08:58:28.417310+01:00] VideoclubLogger.WARNING: Soporte ya está alquilado - no se realiza alquiler {"numProd":1,"numSocio":2} []
[2026-01-05T08:58:28.417690+01:00] VideoclubLogger.INFO: Videoclub inicializado {"direccion":null} []
[2026-01-05T08:58:28.417879+01:00] VideoclubLogger.INFO: Incluida cinta de video {"titulo":"P1","numero":1,"precio":1.0,"duracion":60,"metacritic":null} []
[2026-01-05T08:58:28.417915+01:00] VideoclubLogger.INFO: Incluido socio {"nombre":"A","numSocio":1,"usuario":"a","maxAlquileres":3} []
[2026-01-05T08:58:28.417942+01:00] VideoclubLogger.INFO: Soporte alquilado {"soporte":1,"cliente":1} []
[2026-01-05T08:58:28.417996+01:00] VideoclubLogger.INFO: Soporte devuelto {"soporte":1,"cliente":1} []
[2026-01-05T08:58:28.418517+01:00] VideoclubLogger.INFO: Videoclub inicializado {"direccion":null} []
[2026-01-05T08:58:28.418842+01:00] VideoclubLogger.INFO: Incluida cinta de video {"titulo":"P1","numero":1,"precio":1.0,"duracion":60,"metacritic":null} []
[2026-01-05T08:58:28.418879+01:00] VideoclubLogger.INFO: Incluido socio {"nombre":"A","numSocio":1,"usuario":"a","maxAlquileres":3} []
[2026-01-05T08:58:28.418905+01:00] VideoclubLogger.WARNING: Cliente no encontrado {"numSocio":99} []
[2026-01-05T08:58:28.418946+01:00] VideoclubLogger.WARNING: Soporte no encontrado - no se realiza alquiler {"numProd":999,"numSocio":1} []
